	1. Перший крок я пропустив, бо вже був зареєстрований.
	2. Спочатку я склонував репозиторiй командою git clone, щоб мати доступ до файлiв.

mishaaaaa@mishaaaaa-VirtualBox:~$ git clone https://github.com/davydov-vyacheslav/sample_project
Cloning into 'sample_project'...
remote: Enumerating objects: 155, done.
remote: Counting objects: 100% (155/155), done.
remote: Compressing objects: 100% (91/91), done.
remote: Total 155 (delta 71), reused 108 (delta 45), pack-reused 0
Receiving objects: 100% (155/155), 428.85 KiB | 2.63 MiB/s, done.
Resolving deltas: 100% (71/71), done.

	3. Далі я створив каталог lab02, скопіював приведені у тексті лабороторної работи файли та каталоги для подальшої роботи, використовуючи команду cp.

mishaaaaa@mishaaaaa-VirtualBox:~/Desktop$ mkdir lab02
mishaaaaa@mishaaaaa-VirtualBox:~/Desktop$ cp sample_project/{.clang-format,.clang-tidy,.gitlab-ci.yml} lab02
mishaaaaa@mishaaaaa-VirtualBox:~/Desktop$ ls
lab02  sample_project
mishaaaaa@mishaaaaa-VirtualBox:~/Desktop$ tree
.
├── lab02
└── sample_project
    ├── CMakeLists.txt
    ├── lab00
    │   ├── doc
    │   │   ├── assets
    │   │   │   └── animal-fields.png
    │   │   ├── lab00.docx
    │   │   ├── lab00.md
    │   │   └── lab00.pdf
    │   ├── Doxyfile
    │   ├── Makefile
    │   ├── README.md
    │   ├── src
    │   │   ├── lib.c
    │   │   ├── lib.h
    │   │   └── main.c
    │   └── test
    │       └── test.c
    ├── lab03-sample
    │   └── doc
    │       └── lab03.txt
    └── README.md

9 directories, 14 file lab02
mishaaaaa@mishaaaaa-VirtualBox:~/Desktop$ cp -r sample_project/lab00/{Doxyfile,Makefile,README.md,src,test} lab02

	Перевірив, що файли скопіювались коректно командою tree.

	4. З цим пунктом виникли де-які труднощі. Я забув склонувати свій репозиторій, тому довелось зараз.

mishaaaaa@mishaaaaa-VirtualBox:~/Desktop$ git clone https://github.com/mishabreslavets/programming-bresla.git
Cloning into 'programming-bresla'...
warning: You appear to have cloned an empty repository.

	Далі переніс каталог із лабороторною роботую до цього каталогу.

mishaaaaa@mishaaaaa-VirtualBox:~/Desktop$ mv lab02 programming-bresla/

	Потім додав інформацію про себе, щоб встановити себе як особу за замовчуванням.

mishaaaaa@mishaaaaa-VirtualBox:~/Desktop$ cd programming-bresla/
mishaaaaa@mishaaaaa-VirtualBox:~/Desktop/programming-bresla$ git commit
Author identity unknown

*** Please tell me who you are.

Run

  git config --global user.email "you@example.com"
  git config --global user.name "Your Name"

to set your account's default identity.
Omit --global to set the identity only in this repository.

fatal: unable to auto-detect email address (got 'mishaaaaa@mishaaaaa-VirtualBox.(none)')
mishaaaaa@mishaaaaa-VirtualBox:~/Desktop/programming-bresla$ git config --global user.email "mishailus.re@gmail.com"
mishaaaaa@mishaaaaa-VirtualBox:~/Desktop/programming-bresla$ git config --global user.name "Misha Breslavets"
mishaaaaa@mishaaaaa-VirtualBox:~/Desktop/programming-bresla$ git commit
On branch master

Initial commit

Untracked files:
  (use "git add <file>..." to include in what will be committed)
	lab02/

nothing added to commit but untracked files present (use "git add" to track)

	Наступним етапом було додавання свого каталогу командою git add.

mishaaaaa@mishaaaaa-VirtualBox:~/Desktop/programming-bresla$ git add lab02

	І тільки після цього я змог закомітити зміни.

mishaaaaa@mishaaaaa-VirtualBox:~/Desktop/programming-bresla$ git commit
[master (root-commit) 9d08755] Виконав пункт 4
 10 files changed, 479 insertions(+)
 create mode 100644 lab02/.clang-format
 create mode 100644 lab02/.clang-tidy
 create mode 100644 lab02/.gitlab-ci.yml
 create mode 100644 lab02/Doxyfile
 create mode 100644 lab02/Makefile
 create mode 100644 lab02/README.md
 create mode 100644 lab02/src/lib.c
 create mode 100644 lab02/src/lib.h
 create mode 100644 lab02/src/main.c
 create mode 100644 lab02/test/test.c

	5.Я внес зміни до файлів lib.c та lib.h, просто добавив аналог вже існуючих тварин. Скомпилював використовуючи Makefile, командою make clean prep compile run

mishaaaaa@mishaaaaa-VirtualBox:~/Desktop/programming-bresla/lab02$ make clean prep compile
rm -rf dist
mkdir dist
clang -std=gnu11 -g -Wall -Wextra -Werror -Wformat-security -Wfloat-equal -Wshadow -Wconversion -Wlogical-not-parentheses -Wnull-dereference -Wno-unused-variable -Werror=vla -I./src src/lib.c src/main.c -o ./dist/main.bin
mishaaaaa@mishaaaaa-VirtualBox:~/Desktop/programming-bresla/lab02$ make run
rm -rf dist
mkdir dist
clang -std=gnu11 -g -Wall -Wextra -Werror -Wformat-security -Wfloat-equal -Wshadow -Wconversion -Wlogical-not-parentheses -Wnull-dereference -Wno-unused-variable -Werror=vla -I./src src/lib.c src/main.c -o ./dist/main.bin
./dist/main.bin
Інформація про тварину №01: Собака: зріст = 36 см, маса = 92 гр. 
Інформація про тварину №02: Корова: зріст = 12 см, маса = 41 гр. 
Інформація про тварину №03: Собака: зріст = 11 см, маса = 11 гр. 
Інформація про тварину №04: Собака: зріст = 87 см, маса = 68 гр. 
Інформація про тварину №05: Людина: зріст = 35 см, маса = 114 гр. 
Інформація про тварину №06: Корова: зріст = 4 см, маса = 1 гр. 
Інформація про тварину №07: Корова: зріст = 115 см, маса = 105 гр. 
Інформація про тварину №08: Собака: зріст = 36 см, маса = 23 гр. 
Інформація про тварину №09: Свиня: зріст = 15 см, маса = 101 гр. 
Інформація про тварину №10: Людина: зріст = 42 см, маса = 9 гр. 

	Як можно побачити Людина успішна створюється и має коректні зріст та масу.

	6. За якоюсь причиною в мене lldb ніяк не міг поставити брейкпоінт, тому я використав gdb. Для виводу значень змінних я юзав fr v, для встановлення точки остановки b *номер строки*
	
mishaaaaa@mishaaaaa-VirtualBox:~/Desktop/programming-bresla/lab02/dist$ gdb main.bin
GNU gdb (Ubuntu 10.1-2ubuntu2) 10.1.90.20210411-git
Copyright (C) 2021 Free Software Foundation, Inc.
License GPLv3+: GNU GPL version 3 or later <http://gnu.org/licenses/gpl.html>
This is free software: you are free to change and redistribute it.
There is NO WARRANTY, to the extent permitted by law.
Type "show copying" and "show warranty" for details.
This GDB was configured as "x86_64-linux-gnu".
Type "show configuration" for configuration details.
For bug reporting instructions, please see:
<https://www.gnu.org/software/gdb/bugs/>.
Find the GDB manual and other documentation resources online at:
    <http://www.gnu.org/software/gdb/documentation/>.

For help, type "help".
Type "apropos word" to search for commands related to "word"...
Reading symbols from main.bin...
(gdb) l
26	
27	/**
28	 * Головна функція.
29	 *
30	 * Послідовність дій:
31	 * - створення масиву із {@link ANIMAL_COUNT} тварин
32	 * - генерація даних для кожної тварини шляхом виклика функції
33	 * {@link generate_animal}
34	 * - вивід даних про всіх тварин на екран за допомогою функції
35	 * {@link show_animals}
(gdb) l
36	 * @return успішний код повернення з програми (0)
37	 */
38	int main()
39	{
40		srand((unsigned int)time(0));
41		struct animal animals[ANIMAL_COUNT];
42	
43		for (unsigned int i = 0; i < ANIMAL_COUNT; i++) {
44			generate_animal(&animals[i]);
45		}
(gdb) l
46		show_animals(animals, ANIMAL_COUNT);
47	
48		return 0;
49	}
(gdb) l
Line number 50 out of range; src/main.c has 49 lines.
(gdb) b 40
Breakpoint 1 at 0x401302: file src/main.c, line 40.
(gdb) b 45
Breakpoint 2 at 0x401353: file src/main.c, line 46.
(gdb) b 50
No line 50 in the current file.
Make breakpoint pending on future shared library load? (y or [n]) n
(gdb) run
Starting program: /home/mishaaaaa/Desktop/programming-bresla/lab02/dist/main.bin 

Breakpoint 1, main () at src/main.c:40
40		srand((unsigned int)time(0));

	7. За допомогою команди git add та git commit закомiтив та запушив файли. Для цього довелось авторизоватися через особистий токен.

user@user-vtp305-12:~/programming-bresla$ git commit
[main 5957fac] Gitignore was modified to ignore /dist/
 1 file changed, 1 insertion(+), 1 deletion(-)


user@user-vtp305-12:~/programming-bresla$ git push
Username for 'https://github.com': mishabreslavets
Password for 'https://mishabreslavets@github.com': 
Подсчет объектов: 4, готово.
Delta compression using up to 4 threads.
Сжатие объектов: 100% (3/3), готово.
Запись объектов: 100% (4/4), 329 bytes | 329.00 KiB/s, готово.
Total 4 (delta 2), reused 0 (delta 0)
remote: Resolving deltas: 100% (2/2), completed with 2 local objects.
To https://github.com/mishabreslavets/programming-bresla
   5957fac..50c34aa  main -> main

	Для перевірки дерева файлів я використав tree -a

user@user-vtp305-12:~/programming-bresla$ tree -a
.
├── .clang-format
├── .clang-tidy
├── .git
│   ├── branches
│   ├── COMMIT_EDITMSG
│   ├── config
│   ├── description
│   ├── HEAD
│   ├── hooks
│   │   ├── applypatch-msg.sample
│   │   ├── commit-msg.sample
│   │   ├── fsmonitor-watchman.sample
│   │   ├── post-update.sample
│   │   ├── pre-applypatch.sample
│   │   ├── pre-commit.sample
│   │   ├── prepare-commit-msg.sample
│   │   ├── pre-push.sample
│   │   ├── pre-rebase.sample
│   │   ├── pre-receive.sample
│   │   └── update.sample
│   ├── index
│   ├── info
│   │   └── exclude
│   ├── logs
│   │   ├── HEAD
│   │   └── refs
│   │       ├── heads
│   │       │   └── main
│   │       └── remotes
│   │           └── origin
│   │               ├── HEAD
│   │               └── main
│   ├── objects
│   │   ├── 05
│   │   │   └── 984d53270d3583ac2c206b0ed9f673eb63b42c
│   │   ├── 10
│   │   │   └── c9c96f5cba65fd709f2e4887712845888033ce
│   │   ├── 26
│   │   │   └── 8aed281472be21b682fe316ce908d8225a9f41
│   │   ├── 33
│   │   │   └── 51f937432ab4c08d40d1398a015cbd27effc04
│   │   ├── 37
│   │   │   └── 420af04bf9de8ae4636706fd53ebb8e14a4940
│   │   ├── 44
│   │   │   └── dcaf53e4e6717728a77ed855ff3a743446c89e
│   │   ├── 4c
│   │   │   ├── d176d6de1e538ef7b9d7dc299e65246baf6b9b
│   │   │   └── e585b8281055479d3d991fad682a71a62e5a35
│   │   ├── 50
│   │   │   └── c34aab0fba91fc62f5c03b3484a3b452f74ca3
│   │   ├── 51
│   │   │   └── f0371af2c73d78657a9f4ba6ac406129f6fa7f
│   │   ├── 53
│   │   │   └── de7c184a4b70e2568333df47682da9c6a2b023
│   │   ├── 59
│   │   │   └── 57fac9a555bf522193551415d65fbcb66228a1
│   │   ├── 5f
│   │   │   └── df3ec7013fb14a24c684d08dcaee525529e734
│   │   ├── 6d
│   │   │   └── 667f2edee00c6bb35bb78c602a4e902aff38be
│   │   ├── 75
│   │   │   └── c97a7cb47c1601216386027cc27cc28f71214b
│   │   ├── 76
│   │   │   └── 8bbd896c1d26a54685834c2ad7fe3f1976ac03
│   │   ├── 7b
│   │   │   └── ef201ed498523923ebe2080690cd2b40fbe4d4
│   │   ├── 80
│   │   │   └── e1157a8163163fbac1aef7e758efaf376b5fd9
│   │   ├── 8f
│   │   │   └── e117349817a333a53a6a3fb6b7970cc3dc6f91
│   │   ├── 90
│   │   │   └── 4c3377b216b716de976fba3b5bed10c3ffcde9
│   │   ├── 91
│   │   │   └── 62c5392326ae5190719c41c9ab303715aac7e3
│   │   ├── 99
│   │   │   └── 0ad9d03ac88e4c58865968cbe1b8bcc8011a83
│   │   ├── 9e
│   │   │   └── 3e33cfd6b8bcb05a1ac7001fbd7d625c2e66c4
│   │   ├── a2
│   │   │   └── 61f291755404ef0ada9e519a6bf80c8172d305
│   │   ├── a7
│   │   │   └── 004e4d4d9aa8bcd8e0aa7b7a6ece3fb2349182
│   │   ├── b1
│   │   │   └── bd38b62a0800a4f6a80c34e21c5acffae52c7e
│   │   ├── b2
│   │   │   └── 32802821e5cfdd9d5b6d3838a974b3cddce261
│   │   ├── b9
│   │   │   ├── 892a8b013974f6e848cb64748ddb5e61556d75
│   │   │   └── d96533618a213674c312884a20c8534801d73d
│   │   ├── ba
│   │   │   └── c08c94951168438d329cfc3c2b5e78921e1539
│   │   ├── bb
│   │   │   └── bccda225ea49090f96da0f22a4deaa9ecae6f8
│   │   ├── cb
│   │   │   └── 34c79336a3451a9a31411c0c54264744612025
│   │   ├── da
│   │   │   └── a2fc843b09f384bc1c64f4000b94de6fcf4247
│   │   ├── de
│   │   │   └── 7daefacb26379dea04991ea1f6c27014a518a8
│   │   ├── e4
│   │   │   └── 7e423961ab6fff3af25d47b71acab37ac8c8e2
│   │   ├── f4
│   │   │   └── 2744a662e5794a614f91a75ef03d12577f72c5
│   │   ├── f7
│   │   │   └── cbb1744d4c112dd1850584d315374b81617fe9
│   │   ├── info
│   │   └── pack
│   ├── packed-refs
│   └── refs
│       ├── heads
│       │   └── main
│       ├── remotes
│       │   └── origin
│       │       ├── HEAD
│       │       └── main
│       └── tags
├── .gitignore
├── .gitlab-ci.yml
├── lab01
│   └── doc
│       └── lab00_breslavets.docx
├── lab02
│   ├── .clang-format
│   ├── .clang-tidy
│   ├── doc
│   │   └── lab02.txt
│   ├── Doxyfile
│   ├── .gitlab-ci.yml
│   ├── Makefile
│   ├── README.md
│   ├── src
│   │   ├── lib.c
│   │   ├── lib.h
│   │   └── main.c
│   └── test
│       ├── test.c
│       └── test.c.dump
└── README.md

58 directories, 80 files

	8. Різниця при компляції з відладчиком та без полягає у тому, що з ним ми маємо можливість проходити файл построчно, перевіряючи його працездатність на кожному етапі. Це дає змогу точніше зрозуміти шлях роботи програми. Без нього ми бачемо тільки результат роботи.
